current directory: /home/toyoo/ruby_workspace/miniapp/vendor/bundle/ruby/3.2.0/gems/puma-8.0.2/ext/puma_http11
/usr/bin/ruby3.2 -I/usr/lib/ruby/vendor_ruby extconf.rb
checking for BIO_read() in -llibcrypto... no
checking for BIO_read() in -lcrypto... no
checking for BIO_read() in -llibeay32... no
** Puma will be compiled without SSL support
creating Makefile

current directory: /home/toyoo/ruby_workspace/miniapp/vendor/bundle/ruby/3.2.0/gems/puma-8.0.2/ext/puma_http11
make DESTDIR\= sitearchdir\=./.gem.20260909-32440-2r4spz sitelibdir\=./.gem.20260909-32440-2r4spz clean

current directory: /home/toyoo/ruby_workspace/miniapp/vendor/bundle/ruby/3.2.0/gems/puma-8.0.2/ext/puma_http11
make DESTDIR\= sitearchdir\=./.gem.20260909-32440-2r4spz sitelibdir\=./.gem.20260909-32440-2r4spz
compiling http11_parser.c
compiling mini_ssl.c
compiling puma_http11.c
linking shared-object puma/puma_http11.so

current directory: /home/toyoo/ruby_workspace/miniapp/vendor/bundle/ruby/3.2.0/gems/puma-8.0.2/ext/puma_http11
make DESTDIR\= sitearchdir\=./.gem.20260909-32440-2r4spz sitelibdir\=./.gem.20260909-32440-2r4spz install
/usr/bin/install -c -m 0755 puma_http11.so ./.gem.20260909-32440-2r4spz/puma

current directory: /home/toyoo/ruby_workspace/miniapp/vendor/bundle/ruby/3.2.0/gems/puma-8.0.2/ext/puma_http11
make DESTDIR\= sitearchdir\=./.gem.20260909-32440-2r4spz sitelibdir\=./.gem.20260909-32440-2r4spz clean
