current directory: /home/toyoo/ruby_workspace/miniapp/vendor/bundle/ruby/3.2.0/gems/websocket-driver-0.8.2/ext/websocket-driver
/home/toyoo/.rbenv/versions/3.2.3/bin/ruby extconf.rb
creating Makefile

current directory: /home/toyoo/ruby_workspace/miniapp/vendor/bundle/ruby/3.2.0/gems/websocket-driver-0.8.2/ext/websocket-driver
make DESTDIR\= sitearchdir\=./.gem.20261005-15706-zzp01n sitelibdir\=./.gem.20261005-15706-zzp01n clean

current directory: /home/toyoo/ruby_workspace/miniapp/vendor/bundle/ruby/3.2.0/gems/websocket-driver-0.8.2/ext/websocket-driver
make DESTDIR\= sitearchdir\=./.gem.20261005-15706-zzp01n sitelibdir\=./.gem.20261005-15706-zzp01n
compiling websocket_mask.c
websocket_mask.c: In function ‘Init_websocket_mask’:
websocket_mask.c:26:6: warning: old-style function definition [-Wold-style-definition]
   26 | void Init_websocket_mask()
      |      ^~~~~~~~~~~~~~~~~~~
At top level:
cc1: note: unrecognized command-line option ‘-Wno-self-assign’ may have been intended to silence earlier diagnostics
cc1: note: unrecognized command-line option ‘-Wno-parentheses-equality’ may have been intended to silence earlier diagnostics
cc1: note: unrecognized command-line option ‘-Wno-constant-logical-operand’ may have been intended to silence earlier diagnostics
linking shared-object websocket_mask.so

current directory: /home/toyoo/ruby_workspace/miniapp/vendor/bundle/ruby/3.2.0/gems/websocket-driver-0.8.2/ext/websocket-driver
make DESTDIR\= sitearchdir\=./.gem.20261005-15706-zzp01n sitelibdir\=./.gem.20261005-15706-zzp01n install
/usr/bin/install -c -m 0755 websocket_mask.so ./.gem.20261005-15706-zzp01n

current directory: /home/toyoo/ruby_workspace/miniapp/vendor/bundle/ruby/3.2.0/gems/websocket-driver-0.8.2/ext/websocket-driver
make DESTDIR\= sitearchdir\=./.gem.20261005-15706-zzp01n sitelibdir\=./.gem.20261005-15706-zzp01n clean
