current directory: /home/toyoo/ruby_workspace/miniapp/vendor/bundle/ruby/3.2.0/gems/date-3.5.1/ext/date
/home/toyoo/.rbenv/versions/3.2.3/bin/ruby extconf.rb
checking for rb_category_warn()... yes
checking for timezone in time.h with  -Werror... yes
checking for altzone in time.h with  -Werror... no
creating Makefile

current directory: /home/toyoo/ruby_workspace/miniapp/vendor/bundle/ruby/3.2.0/gems/date-3.5.1/ext/date
make DESTDIR\= sitearchdir\=./.gem.20261005-15706-sgs3ii sitelibdir\=./.gem.20261005-15706-sgs3ii clean

current directory: /home/toyoo/ruby_workspace/miniapp/vendor/bundle/ruby/3.2.0/gems/date-3.5.1/ext/date
make DESTDIR\= sitearchdir\=./.gem.20261005-15706-sgs3ii sitelibdir\=./.gem.20261005-15706-sgs3ii
compiling date_core.c
compiling date_parse.c
compiling date_strftime.c
compiling date_strptime.c
linking shared-object date_core.so

current directory: /home/toyoo/ruby_workspace/miniapp/vendor/bundle/ruby/3.2.0/gems/date-3.5.1/ext/date
make DESTDIR\= sitearchdir\=./.gem.20261005-15706-sgs3ii sitelibdir\=./.gem.20261005-15706-sgs3ii install
/usr/bin/install -c -m 0755 date_core.so ./.gem.20261005-15706-sgs3ii

current directory: /home/toyoo/ruby_workspace/miniapp/vendor/bundle/ruby/3.2.0/gems/date-3.5.1/ext/date
make DESTDIR\= sitearchdir\=./.gem.20261005-15706-sgs3ii sitelibdir\=./.gem.20261005-15706-sgs3ii clean
